[assembly: System.Runtime.CompilerServices.InternalsVisibleToAttribute(@"NServiceBus.Recoverability.RetrySucessNotification.ComponentTests, PublicKey=0024000004800000940000000602000000240000525341310004000001000100dde965e6172e019ac82c2639ffe494dd2e7dd16347c34762a05732b492e110f2e4e2e1b5ef2d85c848ccfb671ee20a47c8d1376276708dc30a90ff1121b647ba3b7259a6bc383b2034938ef0e275b58b920375ac605076178123693c6c4f1331661a62eba28c249386855637780e3ff5f23a6d854700eaa6803ef48907513b92")]
[assembly: System.Runtime.InteropServices.ComVisibleAttribute(false)]
[assembly: System.Runtime.Versioning.TargetFrameworkAttribute(".NETFramework,Version=v4.5.2", FrameworkDisplayName=".NET Framework 4.5.2")]
namespace NServiceBus
{
    public class static ConfigureRetrySuccessNotification
    {
        public static NServiceBus.RetrySuccessNotificationConfig RetrySuccessNotification(this NServiceBus.EndpointConfiguration config) { }
    }
    public class RetrySuccessNotificationConfig
    {
        public bool CopyMessageBodyInNotification { set; }
        public void AddRetrySuccessNotificationTriggerHeaders(params string[] additionalTriggerHeaders) { }
        public void SendRetrySuccessNotificationsTo(string address) { }
    }
}
namespace NServiceBus.Features
{
    public class RetrySuccessNotification : NServiceBus.Features.Feature
    {
        protected override void Setup(NServiceBus.Features.FeatureConfigurationContext context) { }
    }
}
namespace NServiceBus.Recoverability
{
    public class ServiceControlRetryHeaders
    {
        public const string OldRetryId = "ServiceControl.RetryId";
        public const string UniqueMessageId = "ServiceControl.Retry.UniqueMessageId";
    }
}